Archive member included to satisfy reference by file (symbol)

c:/programs/avr-gcc-7.3.0-x64-mingw/bin/../lib/gcc/avr/7.3.0/avr5\libgcc.a(_udivmodsi4.o)
                              Freq_Gen.o (__udivmodsi4)
c:/programs/avr-gcc-7.3.0-x64-mingw/bin/../lib/gcc/avr/7.3.0/avr5\libgcc.a(_exit.o)
                              c:/programs/avr-gcc-7.3.0-x64-mingw/bin/../lib/gcc/avr/7.3.0/../../../../avr/lib/avr5/crtatmega328.o (exit)
c:/programs/avr-gcc-7.3.0-x64-mingw/bin/../lib/gcc/avr/7.3.0/avr5\libgcc.a(_copy_data.o)
                              Freq_Gen.o (__do_copy_data)
c:/programs/avr-gcc-7.3.0-x64-mingw/bin/../lib/gcc/avr/7.3.0/avr5\libgcc.a(_clear_bss.o)
                              Freq_Gen.o (__do_clear_bss)
c:/programs/avr-gcc-7.3.0-x64-mingw/bin/../lib/gcc/avr/7.3.0/../../../../avr/lib/avr5\libc.a(atol.o)
                              Freq_Gen.o (atol)
c:/programs/avr-gcc-7.3.0-x64-mingw/bin/../lib/gcc/avr/7.3.0/../../../../avr/lib/avr5\libc.a(mulsi10.o)
                              c:/programs/avr-gcc-7.3.0-x64-mingw/bin/../lib/gcc/avr/7.3.0/../../../../avr/lib/avr5\libc.a(atol.o) (__mulsi_const_10)
c:/programs/avr-gcc-7.3.0-x64-mingw/bin/../lib/gcc/avr/7.3.0/../../../../avr/lib/avr5\libc.a(iob.o)
                              usart.o (__iob)
c:/programs/avr-gcc-7.3.0-x64-mingw/bin/../lib/gcc/avr/7.3.0/../../../../avr/lib/avr5\libc.a(printf.o)
                              Freq_Gen.o (printf)
c:/programs/avr-gcc-7.3.0-x64-mingw/bin/../lib/gcc/avr/7.3.0/../../../../avr/lib/avr5\libc.a(puts.o)
                              Freq_Gen.o (puts)
c:/programs/avr-gcc-7.3.0-x64-mingw/bin/../lib/gcc/avr/7.3.0/../../../../avr/lib/avr5\libc.a(vfprintf_std.o)
                              c:/programs/avr-gcc-7.3.0-x64-mingw/bin/../lib/gcc/avr/7.3.0/../../../../avr/lib/avr5\libc.a(printf.o) (vfprintf)
c:/programs/avr-gcc-7.3.0-x64-mingw/bin/../lib/gcc/avr/7.3.0/../../../../avr/lib/avr5\libc.a(strnlen_P.o)
                              c:/programs/avr-gcc-7.3.0-x64-mingw/bin/../lib/gcc/avr/7.3.0/../../../../avr/lib/avr5\libc.a(vfprintf_std.o) (strnlen_P)
c:/programs/avr-gcc-7.3.0-x64-mingw/bin/../lib/gcc/avr/7.3.0/../../../../avr/lib/avr5\libc.a(strnlen.o)
                              c:/programs/avr-gcc-7.3.0-x64-mingw/bin/../lib/gcc/avr/7.3.0/../../../../avr/lib/avr5\libc.a(vfprintf_std.o) (strnlen)
c:/programs/avr-gcc-7.3.0-x64-mingw/bin/../lib/gcc/avr/7.3.0/../../../../avr/lib/avr5\libc.a(fputc.o)
                              c:/programs/avr-gcc-7.3.0-x64-mingw/bin/../lib/gcc/avr/7.3.0/../../../../avr/lib/avr5\libc.a(vfprintf_std.o) (fputc)
c:/programs/avr-gcc-7.3.0-x64-mingw/bin/../lib/gcc/avr/7.3.0/../../../../avr/lib/avr5\libc.a(ultoa_invert.o)
                              c:/programs/avr-gcc-7.3.0-x64-mingw/bin/../lib/gcc/avr/7.3.0/../../../../avr/lib/avr5\libc.a(vfprintf_std.o) (__ultoa_invert)
c:/programs/avr-gcc-7.3.0-x64-mingw/bin/../lib/gcc/avr/7.3.0/avr5\libgcc.a(_prologue.o)
                              c:/programs/avr-gcc-7.3.0-x64-mingw/bin/../lib/gcc/avr/7.3.0/../../../../avr/lib/avr5\libc.a(printf.o) (__prologue_saves__)
c:/programs/avr-gcc-7.3.0-x64-mingw/bin/../lib/gcc/avr/7.3.0/avr5\libgcc.a(_epilogue.o)
                              c:/programs/avr-gcc-7.3.0-x64-mingw/bin/../lib/gcc/avr/7.3.0/../../../../avr/lib/avr5\libc.a(printf.o) (__epilogue_restores__)

Allocating common symbols
Common symbol       size              file

reload              0x2               Freq_Gen.o
__iob               0x6               c:/programs/avr-gcc-7.3.0-x64-mingw/bin/../lib/gcc/avr/7.3.0/../../../../avr/lib/avr5\libc.a(iob.o)

Memory Configuration

Name             Origin             Length             Attributes
text             0x0000000000000000 0x0000000000020000 xr
data             0x0000000000800060 0x000000000000ffa0 rw !x
eeprom           0x0000000000810000 0x0000000000010000 rw !x
fuse             0x0000000000820000 0x0000000000000400 rw !x
lock             0x0000000000830000 0x0000000000000400 rw !x
signature        0x0000000000840000 0x0000000000000400 rw !x
user_signatures  0x0000000000850000 0x0000000000000400 rw !x
*default*        0x0000000000000000 0xffffffffffffffff

Linker script and memory map

Address of section .data set to 0x800100
LOAD c:/programs/avr-gcc-7.3.0-x64-mingw/bin/../lib/gcc/avr/7.3.0/../../../../avr/lib/avr5/crtatmega328.o
LOAD Freq_Gen.o
LOAD usart.o
START GROUP
LOAD c:/programs/avr-gcc-7.3.0-x64-mingw/bin/../lib/gcc/avr/7.3.0/avr5\libgcc.a
LOAD c:/programs/avr-gcc-7.3.0-x64-mingw/bin/../lib/gcc/avr/7.3.0/../../../../avr/lib/avr5\libm.a
LOAD c:/programs/avr-gcc-7.3.0-x64-mingw/bin/../lib/gcc/avr/7.3.0/../../../../avr/lib/avr5\libc.a
LOAD c:/programs/avr-gcc-7.3.0-x64-mingw/bin/../lib/gcc/avr/7.3.0/../../../../avr/lib/avr5\libatmega328.a
END GROUP
                0x0000000000020000                __TEXT_REGION_LENGTH__ = DEFINED (__TEXT_REGION_LENGTH__)?__TEXT_REGION_LENGTH__:0x20000
                0x000000000000ffa0                __DATA_REGION_LENGTH__ = DEFINED (__DATA_REGION_LENGTH__)?__DATA_REGION_LENGTH__:0xffa0
                0x0000000000010000                __EEPROM_REGION_LENGTH__ = DEFINED (__EEPROM_REGION_LENGTH__)?__EEPROM_REGION_LENGTH__:0x10000
                0x0000000000000400                __FUSE_REGION_LENGTH__ = DEFINED (__FUSE_REGION_LENGTH__)?__FUSE_REGION_LENGTH__:0x400
                0x0000000000000400                __LOCK_REGION_LENGTH__ = DEFINED (__LOCK_REGION_LENGTH__)?__LOCK_REGION_LENGTH__:0x400
                0x0000000000000400                __SIGNATURE_REGION_LENGTH__ = DEFINED (__SIGNATURE_REGION_LENGTH__)?__SIGNATURE_REGION_LENGTH__:0x400
                0x0000000000000400                __USER_SIGNATURE_REGION_LENGTH__ = DEFINED (__USER_SIGNATURE_REGION_LENGTH__)?__USER_SIGNATURE_REGION_LENGTH__:0x400

.hash
 *(.hash)

.dynsym
 *(.dynsym)

.dynstr
 *(.dynstr)

.gnu.version
 *(.gnu.version)

.gnu.version_d
 *(.gnu.version_d)

.gnu.version_r
 *(.gnu.version_r)

.rel.init
 *(.rel.init)

.rela.init
 *(.rela.init)

.rel.text
 *(.rel.text)
 *(.rel.text.*)
 *(.rel.gnu.linkonce.t*)

.rela.text
 *(.rela.text)
 *(.rela.text.*)
 *(.rela.gnu.linkonce.t*)

.rel.fini
 *(.rel.fini)

.rela.fini
 *(.rela.fini)

.rel.rodata
 *(.rel.rodata)
 *(.rel.rodata.*)
 *(.rel.gnu.linkonce.r*)

.rela.rodata
 *(.rela.rodata)
 *(.rela.rodata.*)
 *(.rela.gnu.linkonce.r*)

.rel.data
 *(.rel.data)
 *(.rel.data.*)
 *(.rel.gnu.linkonce.d*)

.rela.data
 *(.rela.data)
 *(.rela.data.*)
 *(.rela.gnu.linkonce.d*)

.rel.ctors
 *(.rel.ctors)

.rela.ctors
 *(.rela.ctors)

.rel.dtors
 *(.rel.dtors)

.rela.dtors
 *(.rela.dtors)

.rel.got
 *(.rel.got)

.rela.got
 *(.rela.got)

.rel.bss
 *(.rel.bss)

.rela.bss
 *(.rela.bss)

.rel.plt
 *(.rel.plt)

.rela.plt
 *(.rela.plt)

.text           0x0000000000000000      0x9b2
 *(.vectors)
 .vectors       0x0000000000000000       0x68 c:/programs/avr-gcc-7.3.0-x64-mingw/bin/../lib/gcc/avr/7.3.0/../../../../avr/lib/avr5/crtatmega328.o
                0x0000000000000000                __vector_default
                0x0000000000000000                __vectors
 *(.vectors)
 *(.progmem.gcc*)
                0x0000000000000068                . = ALIGN (0x2)
                0x0000000000000068                __trampolines_start = .
 *(.trampolines)
 .trampolines   0x0000000000000068        0x0 linker stubs
 *(.trampolines*)
                0x0000000000000068                __trampolines_end = .
 *libprintf_flt.a:*(.progmem.data)
 *libc.a:*(.progmem.data)
 *(.progmem.*)
                0x0000000000000068                . = ALIGN (0x2)
 *(.lowtext)
 *(.lowtext*)
                0x0000000000000068                __ctors_start = .
 *(.ctors)
                0x0000000000000068                __ctors_end = .
                0x0000000000000068                __dtors_start = .
 *(.dtors)
                0x0000000000000068                __dtors_end = .
 SORT_BY_NAME(*)(.ctors)
 SORT_BY_NAME(*)(.dtors)
 *(.init0)
 .init0         0x0000000000000068        0x0 c:/programs/avr-gcc-7.3.0-x64-mingw/bin/../lib/gcc/avr/7.3.0/../../../../avr/lib/avr5/crtatmega328.o
                0x0000000000000068                __init
 *(.init0)
 *(.init1)
 *(.init1)
 *(.init2)
 .init2         0x0000000000000068        0xc c:/programs/avr-gcc-7.3.0-x64-mingw/bin/../lib/gcc/avr/7.3.0/../../../../avr/lib/avr5/crtatmega328.o
 *(.init2)
 *(.init3)
 *(.init3)
 *(.init4)
 .init4         0x0000000000000074       0x16 c:/programs/avr-gcc-7.3.0-x64-mingw/bin/../lib/gcc/avr/7.3.0/avr5\libgcc.a(_copy_data.o)
                0x0000000000000074                __do_copy_data
 .init4         0x000000000000008a       0x10 c:/programs/avr-gcc-7.3.0-x64-mingw/bin/../lib/gcc/avr/7.3.0/avr5\libgcc.a(_clear_bss.o)
                0x000000000000008a                __do_clear_bss
 *(.init4)
 *(.init5)
 *(.init5)
 *(.init6)
 *(.init6)
 *(.init7)
 *(.init7)
 *(.init8)
 *(.init8)
 *(.init9)
 .init9         0x000000000000009a        0x8 c:/programs/avr-gcc-7.3.0-x64-mingw/bin/../lib/gcc/avr/7.3.0/../../../../avr/lib/avr5/crtatmega328.o
 *(.init9)
 *(.text)
 .text          0x00000000000000a2        0x4 c:/programs/avr-gcc-7.3.0-x64-mingw/bin/../lib/gcc/avr/7.3.0/../../../../avr/lib/avr5/crtatmega328.o
                0x00000000000000a2                __vector_22
                0x00000000000000a2                __vector_1
                0x00000000000000a2                __vector_24
                0x00000000000000a2                __vector_12
                0x00000000000000a2                __bad_interrupt
                0x00000000000000a2                __vector_6
                0x00000000000000a2                __vector_3
                0x00000000000000a2                __vector_23
                0x00000000000000a2                __vector_25
                0x00000000000000a2                __vector_13
                0x00000000000000a2                __vector_17
                0x00000000000000a2                __vector_19
                0x00000000000000a2                __vector_7
                0x00000000000000a2                __vector_5
                0x00000000000000a2                __vector_4
                0x00000000000000a2                __vector_9
                0x00000000000000a2                __vector_2
                0x00000000000000a2                __vector_21
                0x00000000000000a2                __vector_15
                0x00000000000000a2                __vector_8
                0x00000000000000a2                __vector_14
                0x00000000000000a2                __vector_10
                0x00000000000000a2                __vector_16
                0x00000000000000a2                __vector_18
                0x00000000000000a2                __vector_20
 .text          0x00000000000000a6       0x4c Freq_Gen.o
                0x00000000000000a6                __vector_11
 .text          0x00000000000000f2       0xf0 usart.o
                0x00000000000000f2                usart_init
                0x000000000000012e                usart_putchar
                0x000000000000013c                usart_putchar_printf
                0x0000000000000158                usart_getchar
                0x0000000000000166                usart_kbhit
                0x0000000000000172                usart_pstr
                0x000000000000018a                usart_gets
 .text          0x00000000000001e2        0x0 c:/programs/avr-gcc-7.3.0-x64-mingw/bin/../lib/gcc/avr/7.3.0/avr5\libgcc.a(_udivmodsi4.o)
 .text          0x00000000000001e2        0x0 c:/programs/avr-gcc-7.3.0-x64-mingw/bin/../lib/gcc/avr/7.3.0/avr5\libgcc.a(_exit.o)
 .text          0x00000000000001e2        0x0 c:/programs/avr-gcc-7.3.0-x64-mingw/bin/../lib/gcc/avr/7.3.0/avr5\libgcc.a(_copy_data.o)
 .text          0x00000000000001e2        0x0 c:/programs/avr-gcc-7.3.0-x64-mingw/bin/../lib/gcc/avr/7.3.0/avr5\libgcc.a(_clear_bss.o)
 .text          0x00000000000001e2        0x0 c:/programs/avr-gcc-7.3.0-x64-mingw/bin/../lib/gcc/avr/7.3.0/../../../../avr/lib/avr5\libc.a(atol.o)
 .text          0x00000000000001e2        0x0 c:/programs/avr-gcc-7.3.0-x64-mingw/bin/../lib/gcc/avr/7.3.0/../../../../avr/lib/avr5\libc.a(mulsi10.o)
 .text          0x00000000000001e2        0x0 c:/programs/avr-gcc-7.3.0-x64-mingw/bin/../lib/gcc/avr/7.3.0/../../../../avr/lib/avr5\libc.a(iob.o)
 .text          0x00000000000001e2        0x0 c:/programs/avr-gcc-7.3.0-x64-mingw/bin/../lib/gcc/avr/7.3.0/../../../../avr/lib/avr5\libc.a(printf.o)
 .text          0x00000000000001e2        0x0 c:/programs/avr-gcc-7.3.0-x64-mingw/bin/../lib/gcc/avr/7.3.0/../../../../avr/lib/avr5\libc.a(puts.o)
 .text          0x00000000000001e2        0x0 c:/programs/avr-gcc-7.3.0-x64-mingw/bin/../lib/gcc/avr/7.3.0/../../../../avr/lib/avr5\libc.a(vfprintf_std.o)
 .text          0x00000000000001e2        0x0 c:/programs/avr-gcc-7.3.0-x64-mingw/bin/../lib/gcc/avr/7.3.0/../../../../avr/lib/avr5\libc.a(strnlen_P.o)
 .text          0x00000000000001e2        0x0 c:/programs/avr-gcc-7.3.0-x64-mingw/bin/../lib/gcc/avr/7.3.0/../../../../avr/lib/avr5\libc.a(strnlen.o)
 .text          0x00000000000001e2        0x0 c:/programs/avr-gcc-7.3.0-x64-mingw/bin/../lib/gcc/avr/7.3.0/../../../../avr/lib/avr5\libc.a(fputc.o)
 .text          0x00000000000001e2        0x0 c:/programs/avr-gcc-7.3.0-x64-mingw/bin/../lib/gcc/avr/7.3.0/../../../../avr/lib/avr5\libc.a(ultoa_invert.o)
 .text          0x00000000000001e2        0x0 c:/programs/avr-gcc-7.3.0-x64-mingw/bin/../lib/gcc/avr/7.3.0/avr5\libgcc.a(_prologue.o)
 .text          0x00000000000001e2        0x0 c:/programs/avr-gcc-7.3.0-x64-mingw/bin/../lib/gcc/avr/7.3.0/avr5\libgcc.a(_epilogue.o)
                0x00000000000001e2                . = ALIGN (0x2)
 *(.text.*)
 .text.startup  0x00000000000001e2      0x124 Freq_Gen.o
                0x00000000000001e2                main
 .text.libgcc.mul
                0x0000000000000306        0x0 c:/programs/avr-gcc-7.3.0-x64-mingw/bin/../lib/gcc/avr/7.3.0/avr5\libgcc.a(_udivmodsi4.o)
 .text.libgcc.div
                0x0000000000000306       0x44 c:/programs/avr-gcc-7.3.0-x64-mingw/bin/../lib/gcc/avr/7.3.0/avr5\libgcc.a(_udivmodsi4.o)
                0x0000000000000306                __udivmodsi4
 .text.libgcc   0x000000000000034a        0x0 c:/programs/avr-gcc-7.3.0-x64-mingw/bin/../lib/gcc/avr/7.3.0/avr5\libgcc.a(_udivmodsi4.o)
 .text.libgcc.prologue
                0x000000000000034a        0x0 c:/programs/avr-gcc-7.3.0-x64-mingw/bin/../lib/gcc/avr/7.3.0/avr5\libgcc.a(_udivmodsi4.o)
 .text.libgcc.builtins
                0x000000000000034a        0x0 c:/programs/avr-gcc-7.3.0-x64-mingw/bin/../lib/gcc/avr/7.3.0/avr5\libgcc.a(_udivmodsi4.o)
 .text.libgcc.fmul
                0x000000000000034a        0x0 c:/programs/avr-gcc-7.3.0-x64-mingw/bin/../lib/gcc/avr/7.3.0/avr5\libgcc.a(_udivmodsi4.o)
 .text.libgcc.fixed
                0x000000000000034a        0x0 c:/programs/avr-gcc-7.3.0-x64-mingw/bin/../lib/gcc/avr/7.3.0/avr5\libgcc.a(_udivmodsi4.o)
 .text.libgcc.mul
                0x000000000000034a        0x0 c:/programs/avr-gcc-7.3.0-x64-mingw/bin/../lib/gcc/avr/7.3.0/avr5\libgcc.a(_exit.o)
 .text.libgcc.div
                0x000000000000034a        0x0 c:/programs/avr-gcc-7.3.0-x64-mingw/bin/../lib/gcc/avr/7.3.0/avr5\libgcc.a(_exit.o)
 .text.libgcc   0x000000000000034a        0x0 c:/programs/avr-gcc-7.3.0-x64-mingw/bin/../lib/gcc/avr/7.3.0/avr5\libgcc.a(_exit.o)
 .text.libgcc.prologue
                0x000000000000034a        0x0 c:/programs/avr-gcc-7.3.0-x64-mingw/bin/../lib/gcc/avr/7.3.0/avr5\libgcc.a(_exit.o)
 .text.libgcc.builtins
                0x000000000000034a        0x0 c:/programs/avr-gcc-7.3.0-x64-mingw/bin/../lib/gcc/avr/7.3.0/avr5\libgcc.a(_exit.o)
 .text.libgcc.fmul
                0x000000000000034a        0x0 c:/programs/avr-gcc-7.3.0-x64-mingw/bin/../lib/gcc/avr/7.3.0/avr5\libgcc.a(_exit.o)
 .text.libgcc.fixed
                0x000000000000034a        0x0 c:/programs/avr-gcc-7.3.0-x64-mingw/bin/../lib/gcc/avr/7.3.0/avr5\libgcc.a(_exit.o)
 .text.libgcc.mul
                0x000000000000034a        0x0 c:/programs/avr-gcc-7.3.0-x64-mingw/bin/../lib/gcc/avr/7.3.0/avr5\libgcc.a(_copy_data.o)
 .text.libgcc.div
                0x000000000000034a        0x0 c:/programs/avr-gcc-7.3.0-x64-mingw/bin/../lib/gcc/avr/7.3.0/avr5\libgcc.a(_copy_data.o)
 .text.libgcc   0x000000000000034a        0x0 c:/programs/avr-gcc-7.3.0-x64-mingw/bin/../lib/gcc/avr/7.3.0/avr5\libgcc.a(_copy_data.o)
 .text.libgcc.prologue
                0x000000000000034a        0x0 c:/programs/avr-gcc-7.3.0-x64-mingw/bin/../lib/gcc/avr/7.3.0/avr5\libgcc.a(_copy_data.o)
 .text.libgcc.builtins
                0x000000000000034a        0x0 c:/programs/avr-gcc-7.3.0-x64-mingw/bin/../lib/gcc/avr/7.3.0/avr5\libgcc.a(_copy_data.o)
 .text.libgcc.fmul
                0x000000000000034a        0x0 c:/programs/avr-gcc-7.3.0-x64-mingw/bin/../lib/gcc/avr/7.3.0/avr5\libgcc.a(_copy_data.o)
 .text.libgcc.fixed
                0x000000000000034a        0x0 c:/programs/avr-gcc-7.3.0-x64-mingw/bin/../lib/gcc/avr/7.3.0/avr5\libgcc.a(_copy_data.o)
 .text.libgcc.mul
                0x000000000000034a        0x0 c:/programs/avr-gcc-7.3.0-x64-mingw/bin/../lib/gcc/avr/7.3.0/avr5\libgcc.a(_clear_bss.o)
 .text.libgcc.div
                0x000000000000034a        0x0 c:/programs/avr-gcc-7.3.0-x64-mingw/bin/../lib/gcc/avr/7.3.0/avr5\libgcc.a(_clear_bss.o)
 .text.libgcc   0x000000000000034a        0x0 c:/programs/avr-gcc-7.3.0-x64-mingw/bin/../lib/gcc/avr/7.3.0/avr5\libgcc.a(_clear_bss.o)
 .text.libgcc.prologue
                0x000000000000034a        0x0 c:/programs/avr-gcc-7.3.0-x64-mingw/bin/../lib/gcc/avr/7.3.0/avr5\libgcc.a(_clear_bss.o)
 .text.libgcc.builtins
                0x000000000000034a        0x0 c:/programs/avr-gcc-7.3.0-x64-mingw/bin/../lib/gcc/avr/7.3.0/avr5\libgcc.a(_clear_bss.o)
 .text.libgcc.fmul
                0x000000000000034a        0x0 c:/programs/avr-gcc-7.3.0-x64-mingw/bin/../lib/gcc/avr/7.3.0/avr5\libgcc.a(_clear_bss.o)
 .text.libgcc.fixed
                0x000000000000034a        0x0 c:/programs/avr-gcc-7.3.0-x64-mingw/bin/../lib/gcc/avr/7.3.0/avr5\libgcc.a(_clear_bss.o)
 .text.avr-libc
                0x000000000000034a       0x4e c:/programs/avr-gcc-7.3.0-x64-mingw/bin/../lib/gcc/avr/7.3.0/../../../../avr/lib/avr5\libc.a(atol.o)
                0x000000000000034a                atol
 .text.avr-libc
                0x0000000000000398       0x2a c:/programs/avr-gcc-7.3.0-x64-mingw/bin/../lib/gcc/avr/7.3.0/../../../../avr/lib/avr5\libc.a(mulsi10.o)
                0x0000000000000398                __mulsi_const_10
 .text.avr-libc
                0x00000000000003c2       0x2c c:/programs/avr-gcc-7.3.0-x64-mingw/bin/../lib/gcc/avr/7.3.0/../../../../avr/lib/avr5\libc.a(printf.o)
                0x00000000000003c2                printf
 .text.avr-libc
                0x00000000000003ee       0x56 c:/programs/avr-gcc-7.3.0-x64-mingw/bin/../lib/gcc/avr/7.3.0/../../../../avr/lib/avr5\libc.a(puts.o)
                0x00000000000003ee                puts
 .text.avr-libc
                0x0000000000000444      0x3b4 c:/programs/avr-gcc-7.3.0-x64-mingw/bin/../lib/gcc/avr/7.3.0/../../../../avr/lib/avr5\libc.a(vfprintf_std.o)
                0x0000000000000444                vfprintf
 .text.avr-libc
                0x00000000000007f8       0x16 c:/programs/avr-gcc-7.3.0-x64-mingw/bin/../lib/gcc/avr/7.3.0/../../../../avr/lib/avr5\libc.a(strnlen_P.o)
                0x00000000000007f8                strnlen_P
 .text.avr-libc
                0x000000000000080e       0x16 c:/programs/avr-gcc-7.3.0-x64-mingw/bin/../lib/gcc/avr/7.3.0/../../../../avr/lib/avr5\libc.a(strnlen.o)
                0x000000000000080e                strnlen
 .text.avr-libc
                0x0000000000000824       0x60 c:/programs/avr-gcc-7.3.0-x64-mingw/bin/../lib/gcc/avr/7.3.0/../../../../avr/lib/avr5\libc.a(fputc.o)
                0x0000000000000824                fputc
 .text.avr-libc
                0x0000000000000884       0xbc c:/programs/avr-gcc-7.3.0-x64-mingw/bin/../lib/gcc/avr/7.3.0/../../../../avr/lib/avr5\libc.a(ultoa_invert.o)
                0x0000000000000884                __ultoa_invert
 .text.libgcc.mul
                0x0000000000000940        0x0 c:/programs/avr-gcc-7.3.0-x64-mingw/bin/../lib/gcc/avr/7.3.0/avr5\libgcc.a(_prologue.o)
 .text.libgcc.div
                0x0000000000000940        0x0 c:/programs/avr-gcc-7.3.0-x64-mingw/bin/../lib/gcc/avr/7.3.0/avr5\libgcc.a(_prologue.o)
 .text.libgcc   0x0000000000000940        0x0 c:/programs/avr-gcc-7.3.0-x64-mingw/bin/../lib/gcc/avr/7.3.0/avr5\libgcc.a(_prologue.o)
 .text.libgcc.prologue
                0x0000000000000940       0x38 c:/programs/avr-gcc-7.3.0-x64-mingw/bin/../lib/gcc/avr/7.3.0/avr5\libgcc.a(_prologue.o)
                0x0000000000000940                __prologue_saves__
 .text.libgcc.builtins
                0x0000000000000978        0x0 c:/programs/avr-gcc-7.3.0-x64-mingw/bin/../lib/gcc/avr/7.3.0/avr5\libgcc.a(_prologue.o)
 .text.libgcc.fmul
                0x0000000000000978        0x0 c:/programs/avr-gcc-7.3.0-x64-mingw/bin/../lib/gcc/avr/7.3.0/avr5\libgcc.a(_prologue.o)
 .text.libgcc.fixed
                0x0000000000000978        0x0 c:/programs/avr-gcc-7.3.0-x64-mingw/bin/../lib/gcc/avr/7.3.0/avr5\libgcc.a(_prologue.o)
 .text.libgcc.mul
                0x0000000000000978        0x0 c:/programs/avr-gcc-7.3.0-x64-mingw/bin/../lib/gcc/avr/7.3.0/avr5\libgcc.a(_epilogue.o)
 .text.libgcc.div
                0x0000000000000978        0x0 c:/programs/avr-gcc-7.3.0-x64-mingw/bin/../lib/gcc/avr/7.3.0/avr5\libgcc.a(_epilogue.o)
 .text.libgcc   0x0000000000000978        0x0 c:/programs/avr-gcc-7.3.0-x64-mingw/bin/../lib/gcc/avr/7.3.0/avr5\libgcc.a(_epilogue.o)
 .text.libgcc.prologue
                0x0000000000000978       0x36 c:/programs/avr-gcc-7.3.0-x64-mingw/bin/../lib/gcc/avr/7.3.0/avr5\libgcc.a(_epilogue.o)
                0x0000000000000978                __epilogue_restores__
 .text.libgcc.builtins
                0x00000000000009ae        0x0 c:/programs/avr-gcc-7.3.0-x64-mingw/bin/../lib/gcc/avr/7.3.0/avr5\libgcc.a(_epilogue.o)
 .text.libgcc.fmul
                0x00000000000009ae        0x0 c:/programs/avr-gcc-7.3.0-x64-mingw/bin/../lib/gcc/avr/7.3.0/avr5\libgcc.a(_epilogue.o)
 .text.libgcc.fixed
                0x00000000000009ae        0x0 c:/programs/avr-gcc-7.3.0-x64-mingw/bin/../lib/gcc/avr/7.3.0/avr5\libgcc.a(_epilogue.o)
                0x00000000000009ae                . = ALIGN (0x2)
 *(.fini9)
 .fini9         0x00000000000009ae        0x0 c:/programs/avr-gcc-7.3.0-x64-mingw/bin/../lib/gcc/avr/7.3.0/avr5\libgcc.a(_exit.o)
                0x00000000000009ae                _exit
                0x00000000000009ae                exit
 *(.fini9)
 *(.fini8)
 *(.fini8)
 *(.fini7)
 *(.fini7)
 *(.fini6)
 *(.fini6)
 *(.fini5)
 *(.fini5)
 *(.fini4)
 *(.fini4)
 *(.fini3)
 *(.fini3)
 *(.fini2)
 *(.fini2)
 *(.fini1)
 *(.fini1)
 *(.fini0)
 .fini0         0x00000000000009ae        0x4 c:/programs/avr-gcc-7.3.0-x64-mingw/bin/../lib/gcc/avr/7.3.0/avr5\libgcc.a(_exit.o)
 *(.fini0)
 *(.hightext)
 *(.hightext*)
 *(.progmemx.*)
                0x00000000000009b2                . = ALIGN (0x2)
 *(.jumptables)
 *(.jumptables*)
                0x00000000000009b2                _etext = .

.data           0x0000000000800100       0xfe load address 0x00000000000009b2
                0x0000000000800100                PROVIDE (__data_start = .)
 *(.data)
 .data          0x0000000000800100        0x0 c:/programs/avr-gcc-7.3.0-x64-mingw/bin/../lib/gcc/avr/7.3.0/../../../../avr/lib/avr5/crtatmega328.o
 .data          0x0000000000800100        0x0 Freq_Gen.o
 .data          0x0000000000800100        0xe usart.o
 .data          0x000000000080010e        0x0 c:/programs/avr-gcc-7.3.0-x64-mingw/bin/../lib/gcc/avr/7.3.0/avr5\libgcc.a(_udivmodsi4.o)
 .data          0x000000000080010e        0x0 c:/programs/avr-gcc-7.3.0-x64-mingw/bin/../lib/gcc/avr/7.3.0/avr5\libgcc.a(_exit.o)
 .data          0x000000000080010e        0x0 c:/programs/avr-gcc-7.3.0-x64-mingw/bin/../lib/gcc/avr/7.3.0/avr5\libgcc.a(_copy_data.o)
 .data          0x000000000080010e        0x0 c:/programs/avr-gcc-7.3.0-x64-mingw/bin/../lib/gcc/avr/7.3.0/avr5\libgcc.a(_clear_bss.o)
 .data          0x000000000080010e        0x0 c:/programs/avr-gcc-7.3.0-x64-mingw/bin/../lib/gcc/avr/7.3.0/../../../../avr/lib/avr5\libc.a(atol.o)
 .data          0x000000000080010e        0x0 c:/programs/avr-gcc-7.3.0-x64-mingw/bin/../lib/gcc/avr/7.3.0/../../../../avr/lib/avr5\libc.a(mulsi10.o)
 .data          0x000000000080010e        0x0 c:/programs/avr-gcc-7.3.0-x64-mingw/bin/../lib/gcc/avr/7.3.0/../../../../avr/lib/avr5\libc.a(iob.o)
 .data          0x000000000080010e        0x0 c:/programs/avr-gcc-7.3.0-x64-mingw/bin/../lib/gcc/avr/7.3.0/../../../../avr/lib/avr5\libc.a(printf.o)
 .data          0x000000000080010e        0x0 c:/programs/avr-gcc-7.3.0-x64-mingw/bin/../lib/gcc/avr/7.3.0/../../../../avr/lib/avr5\libc.a(puts.o)
 .data          0x000000000080010e        0x0 c:/programs/avr-gcc-7.3.0-x64-mingw/bin/../lib/gcc/avr/7.3.0/../../../../avr/lib/avr5\libc.a(vfprintf_std.o)
 .data          0x000000000080010e        0x0 c:/programs/avr-gcc-7.3.0-x64-mingw/bin/../lib/gcc/avr/7.3.0/../../../../avr/lib/avr5\libc.a(strnlen_P.o)
 .data          0x000000000080010e        0x0 c:/programs/avr-gcc-7.3.0-x64-mingw/bin/../lib/gcc/avr/7.3.0/../../../../avr/lib/avr5\libc.a(strnlen.o)
 .data          0x000000000080010e        0x0 c:/programs/avr-gcc-7.3.0-x64-mingw/bin/../lib/gcc/avr/7.3.0/../../../../avr/lib/avr5\libc.a(fputc.o)
 .data          0x000000000080010e        0x0 c:/programs/avr-gcc-7.3.0-x64-mingw/bin/../lib/gcc/avr/7.3.0/../../../../avr/lib/avr5\libc.a(ultoa_invert.o)
 .data          0x000000000080010e        0x0 c:/programs/avr-gcc-7.3.0-x64-mingw/bin/../lib/gcc/avr/7.3.0/avr5\libgcc.a(_prologue.o)
 .data          0x000000000080010e        0x0 c:/programs/avr-gcc-7.3.0-x64-mingw/bin/../lib/gcc/avr/7.3.0/avr5\libgcc.a(_epilogue.o)
 *(.data*)
 *(.gnu.linkonce.d*)
 *(.rodata)
 *(.rodata*)
 .rodata.str1.1
                0x000000000080010e       0xf0 Freq_Gen.o
 *(.gnu.linkonce.r*)
                0x00000000008001fe                . = ALIGN (0x2)
                0x00000000008001fe                _edata = .
                0x00000000008001fe                PROVIDE (__data_end = .)

.bss            0x00000000008001fe        0x8
                0x00000000008001fe                PROVIDE (__bss_start = .)
 *(.bss)
 .bss           0x00000000008001fe        0x0 c:/programs/avr-gcc-7.3.0-x64-mingw/bin/../lib/gcc/avr/7.3.0/../../../../avr/lib/avr5/crtatmega328.o
 .bss           0x00000000008001fe        0x0 Freq_Gen.o
 .bss           0x00000000008001fe        0x0 usart.o
 .bss           0x00000000008001fe        0x0 c:/programs/avr-gcc-7.3.0-x64-mingw/bin/../lib/gcc/avr/7.3.0/avr5\libgcc.a(_udivmodsi4.o)
 .bss           0x00000000008001fe        0x0 c:/programs/avr-gcc-7.3.0-x64-mingw/bin/../lib/gcc/avr/7.3.0/avr5\libgcc.a(_exit.o)
 .bss           0x00000000008001fe        0x0 c:/programs/avr-gcc-7.3.0-x64-mingw/bin/../lib/gcc/avr/7.3.0/avr5\libgcc.a(_copy_data.o)
 .bss           0x00000000008001fe        0x0 c:/programs/avr-gcc-7.3.0-x64-mingw/bin/../lib/gcc/avr/7.3.0/avr5\libgcc.a(_clear_bss.o)
 .bss           0x00000000008001fe        0x0 c:/programs/avr-gcc-7.3.0-x64-mingw/bin/../lib/gcc/avr/7.3.0/../../../../avr/lib/avr5\libc.a(atol.o)
 .bss           0x00000000008001fe        0x0 c:/programs/avr-gcc-7.3.0-x64-mingw/bin/../lib/gcc/avr/7.3.0/../../../../avr/lib/avr5\libc.a(mulsi10.o)
 .bss           0x00000000008001fe        0x0 c:/programs/avr-gcc-7.3.0-x64-mingw/bin/../lib/gcc/avr/7.3.0/../../../../avr/lib/avr5\libc.a(iob.o)
 .bss           0x00000000008001fe        0x0 c:/programs/avr-gcc-7.3.0-x64-mingw/bin/../lib/gcc/avr/7.3.0/../../../../avr/lib/avr5\libc.a(printf.o)
 .bss           0x00000000008001fe        0x0 c:/programs/avr-gcc-7.3.0-x64-mingw/bin/../lib/gcc/avr/7.3.0/../../../../avr/lib/avr5\libc.a(puts.o)
 .bss           0x00000000008001fe        0x0 c:/programs/avr-gcc-7.3.0-x64-mingw/bin/../lib/gcc/avr/7.3.0/../../../../avr/lib/avr5\libc.a(vfprintf_std.o)
 .bss           0x00000000008001fe        0x0 c:/programs/avr-gcc-7.3.0-x64-mingw/bin/../lib/gcc/avr/7.3.0/../../../../avr/lib/avr5\libc.a(strnlen_P.o)
 .bss           0x00000000008001fe        0x0 c:/programs/avr-gcc-7.3.0-x64-mingw/bin/../lib/gcc/avr/7.3.0/../../../../avr/lib/avr5\libc.a(strnlen.o)
 .bss           0x00000000008001fe        0x0 c:/programs/avr-gcc-7.3.0-x64-mingw/bin/../lib/gcc/avr/7.3.0/../../../../avr/lib/avr5\libc.a(fputc.o)
 .bss           0x00000000008001fe        0x0 c:/programs/avr-gcc-7.3.0-x64-mingw/bin/../lib/gcc/avr/7.3.0/../../../../avr/lib/avr5\libc.a(ultoa_invert.o)
 .bss           0x00000000008001fe        0x0 c:/programs/avr-gcc-7.3.0-x64-mingw/bin/../lib/gcc/avr/7.3.0/avr5\libgcc.a(_prologue.o)
 .bss           0x00000000008001fe        0x0 c:/programs/avr-gcc-7.3.0-x64-mingw/bin/../lib/gcc/avr/7.3.0/avr5\libgcc.a(_epilogue.o)
 *(.bss*)
 *(COMMON)
 COMMON         0x00000000008001fe        0x2 Freq_Gen.o
                0x00000000008001fe                reload
 COMMON         0x0000000000800200        0x6 c:/programs/avr-gcc-7.3.0-x64-mingw/bin/../lib/gcc/avr/7.3.0/../../../../avr/lib/avr5\libc.a(iob.o)
                0x0000000000800200                __iob
                0x0000000000800206                PROVIDE (__bss_end = .)
                0x00000000000009b2                __data_load_start = LOADADDR (.data)
                0x0000000000000ab0                __data_load_end = (__data_load_start + SIZEOF (.data))

.noinit         0x0000000000800206        0x0
                [!provide]                        PROVIDE (__noinit_start = .)
 *(.noinit*)
                [!provide]                        PROVIDE (__noinit_end = .)
                0x0000000000800206                _end = .
                [!provide]                        PROVIDE (__heap_start = .)

.eeprom         0x0000000000810000        0x0
 *(.eeprom*)
                0x0000000000810000                __eeprom_end = .

.fuse
 *(.fuse)
 *(.lfuse)
 *(.hfuse)
 *(.efuse)

.lock
 *(.lock*)

.signature
 *(.signature*)

.stab
 *(.stab)

.stabstr
 *(.stabstr)

.stab.excl
 *(.stab.excl)

.stab.exclstr
 *(.stab.exclstr)

.stab.index
 *(.stab.index)

.stab.indexstr
 *(.stab.indexstr)

.comment        0x0000000000000000       0x11
 *(.comment)
 .comment       0x0000000000000000       0x11 Freq_Gen.o
                                         0x12 (size before relaxing)
 .comment       0x0000000000000011       0x12 usart.o
 .comment       0x0000000000000011       0x12 c:/programs/avr-gcc-7.3.0-x64-mingw/bin/../lib/gcc/avr/7.3.0/../../../../avr/lib/avr5\libc.a(iob.o)
 .comment       0x0000000000000011       0x12 c:/programs/avr-gcc-7.3.0-x64-mingw/bin/../lib/gcc/avr/7.3.0/../../../../avr/lib/avr5\libc.a(printf.o)
 .comment       0x0000000000000011       0x12 c:/programs/avr-gcc-7.3.0-x64-mingw/bin/../lib/gcc/avr/7.3.0/../../../../avr/lib/avr5\libc.a(puts.o)
 .comment       0x0000000000000011       0x12 c:/programs/avr-gcc-7.3.0-x64-mingw/bin/../lib/gcc/avr/7.3.0/../../../../avr/lib/avr5\libc.a(vfprintf_std.o)
 .comment       0x0000000000000011       0x12 c:/programs/avr-gcc-7.3.0-x64-mingw/bin/../lib/gcc/avr/7.3.0/../../../../avr/lib/avr5\libc.a(fputc.o)

.note.gnu.avr.deviceinfo
                0x0000000000000000       0x3c
 .note.gnu.avr.deviceinfo
                0x0000000000000000       0x3c c:/programs/avr-gcc-7.3.0-x64-mingw/bin/../lib/gcc/avr/7.3.0/../../../../avr/lib/avr5/crtatmega328.o

.note.gnu.build-id
 *(.note.gnu.build-id)

.debug
 *(.debug)

.line
 *(.line)

.debug_srcinfo
 *(.debug_srcinfo)

.debug_sfnames
 *(.debug_sfnames)

.debug_aranges  0x0000000000000000      0x108
 *(.debug_aranges)
 .debug_aranges
                0x0000000000000000       0x28 Freq_Gen.o
 .debug_aranges
                0x0000000000000028       0x20 usart.o
 .debug_aranges
                0x0000000000000048       0x20 c:/programs/avr-gcc-7.3.0-x64-mingw/bin/../lib/gcc/avr/7.3.0/avr5\libgcc.a(_udivmodsi4.o)
 .debug_aranges
                0x0000000000000068       0x20 c:/programs/avr-gcc-7.3.0-x64-mingw/bin/../lib/gcc/avr/7.3.0/avr5\libgcc.a(_exit.o)
 .debug_aranges
                0x0000000000000088       0x20 c:/programs/avr-gcc-7.3.0-x64-mingw/bin/../lib/gcc/avr/7.3.0/avr5\libgcc.a(_copy_data.o)
 .debug_aranges
                0x00000000000000a8       0x20 c:/programs/avr-gcc-7.3.0-x64-mingw/bin/../lib/gcc/avr/7.3.0/avr5\libgcc.a(_clear_bss.o)
 .debug_aranges
                0x00000000000000c8       0x20 c:/programs/avr-gcc-7.3.0-x64-mingw/bin/../lib/gcc/avr/7.3.0/avr5\libgcc.a(_prologue.o)
 .debug_aranges
                0x00000000000000e8       0x20 c:/programs/avr-gcc-7.3.0-x64-mingw/bin/../lib/gcc/avr/7.3.0/avr5\libgcc.a(_epilogue.o)

.debug_pubnames
 *(.debug_pubnames)

.debug_info     0x0000000000000000      0xccb
 *(.debug_info .gnu.linkonce.wi.*)
 .debug_info    0x0000000000000000      0x5f4 c:/programs/avr-gcc-7.3.0-x64-mingw/bin/../lib/gcc/avr/7.3.0/../../../../avr/lib/avr5/crtatmega328.o
 .debug_info    0x00000000000005f4      0x348 Freq_Gen.o
 .debug_info    0x000000000000093c      0x2ab usart.o
 .debug_info    0x0000000000000be7       0x26 c:/programs/avr-gcc-7.3.0-x64-mingw/bin/../lib/gcc/avr/7.3.0/avr5\libgcc.a(_udivmodsi4.o)
 .debug_info    0x0000000000000c0d       0x26 c:/programs/avr-gcc-7.3.0-x64-mingw/bin/../lib/gcc/avr/7.3.0/avr5\libgcc.a(_exit.o)
 .debug_info    0x0000000000000c33       0x26 c:/programs/avr-gcc-7.3.0-x64-mingw/bin/../lib/gcc/avr/7.3.0/avr5\libgcc.a(_copy_data.o)
 .debug_info    0x0000000000000c59       0x26 c:/programs/avr-gcc-7.3.0-x64-mingw/bin/../lib/gcc/avr/7.3.0/avr5\libgcc.a(_clear_bss.o)
 .debug_info    0x0000000000000c7f       0x26 c:/programs/avr-gcc-7.3.0-x64-mingw/bin/../lib/gcc/avr/7.3.0/avr5\libgcc.a(_prologue.o)
 .debug_info    0x0000000000000ca5       0x26 c:/programs/avr-gcc-7.3.0-x64-mingw/bin/../lib/gcc/avr/7.3.0/avr5\libgcc.a(_epilogue.o)

.debug_abbrev   0x0000000000000000      0x9c1
 *(.debug_abbrev)
 .debug_abbrev  0x0000000000000000      0x5a2 c:/programs/avr-gcc-7.3.0-x64-mingw/bin/../lib/gcc/avr/7.3.0/../../../../avr/lib/avr5/crtatmega328.o
 .debug_abbrev  0x00000000000005a2      0x1f5 Freq_Gen.o
 .debug_abbrev  0x0000000000000797      0x1b2 usart.o
 .debug_abbrev  0x0000000000000949       0x14 c:/programs/avr-gcc-7.3.0-x64-mingw/bin/../lib/gcc/avr/7.3.0/avr5\libgcc.a(_udivmodsi4.o)
 .debug_abbrev  0x000000000000095d       0x14 c:/programs/avr-gcc-7.3.0-x64-mingw/bin/../lib/gcc/avr/7.3.0/avr5\libgcc.a(_exit.o)
 .debug_abbrev  0x0000000000000971       0x14 c:/programs/avr-gcc-7.3.0-x64-mingw/bin/../lib/gcc/avr/7.3.0/avr5\libgcc.a(_copy_data.o)
 .debug_abbrev  0x0000000000000985       0x14 c:/programs/avr-gcc-7.3.0-x64-mingw/bin/../lib/gcc/avr/7.3.0/avr5\libgcc.a(_clear_bss.o)
 .debug_abbrev  0x0000000000000999       0x14 c:/programs/avr-gcc-7.3.0-x64-mingw/bin/../lib/gcc/avr/7.3.0/avr5\libgcc.a(_prologue.o)
 .debug_abbrev  0x00000000000009ad       0x14 c:/programs/avr-gcc-7.3.0-x64-mingw/bin/../lib/gcc/avr/7.3.0/avr5\libgcc.a(_epilogue.o)

.debug_line     0x0000000000000000      0x81f
 *(.debug_line .debug_line.* .debug_line_end)
 .debug_line    0x0000000000000000       0x1d c:/programs/avr-gcc-7.3.0-x64-mingw/bin/../lib/gcc/avr/7.3.0/../../../../avr/lib/avr5/crtatmega328.o
 .debug_line    0x000000000000001d      0x1dd Freq_Gen.o
 .debug_line    0x00000000000001fa      0x193 usart.o
 .debug_line    0x000000000000038d      0x121 c:/programs/avr-gcc-7.3.0-x64-mingw/bin/../lib/gcc/avr/7.3.0/avr5\libgcc.a(_udivmodsi4.o)
 .debug_line    0x00000000000004ae       0x61 c:/programs/avr-gcc-7.3.0-x64-mingw/bin/../lib/gcc/avr/7.3.0/avr5\libgcc.a(_exit.o)
 .debug_line    0x000000000000050f       0x97 c:/programs/avr-gcc-7.3.0-x64-mingw/bin/../lib/gcc/avr/7.3.0/avr5\libgcc.a(_copy_data.o)
 .debug_line    0x00000000000005a6       0x85 c:/programs/avr-gcc-7.3.0-x64-mingw/bin/../lib/gcc/avr/7.3.0/avr5\libgcc.a(_clear_bss.o)
 .debug_line    0x000000000000062b       0xfd c:/programs/avr-gcc-7.3.0-x64-mingw/bin/../lib/gcc/avr/7.3.0/avr5\libgcc.a(_prologue.o)
 .debug_line    0x0000000000000728       0xf7 c:/programs/avr-gcc-7.3.0-x64-mingw/bin/../lib/gcc/avr/7.3.0/avr5\libgcc.a(_epilogue.o)

.debug_frame    0x0000000000000000      0x128
 *(.debug_frame)
 .debug_frame   0x0000000000000000       0x6c Freq_Gen.o
 .debug_frame   0x000000000000006c       0xbc usart.o

.debug_str      0x0000000000000000      0x47a
 *(.debug_str)
 .debug_str     0x0000000000000000      0x208 c:/programs/avr-gcc-7.3.0-x64-mingw/bin/../lib/gcc/avr/7.3.0/../../../../avr/lib/avr5/crtatmega328.o
 .debug_str     0x0000000000000208      0x1af Freq_Gen.o
                                        0x1f4 (size before relaxing)
 .debug_str     0x00000000000003b7       0x65 usart.o
                                        0x180 (size before relaxing)
 .debug_str     0x000000000000041c       0x5e c:/programs/avr-gcc-7.3.0-x64-mingw/bin/../lib/gcc/avr/7.3.0/avr5\libgcc.a(_udivmodsi4.o)
 .debug_str     0x000000000000047a       0x5e c:/programs/avr-gcc-7.3.0-x64-mingw/bin/../lib/gcc/avr/7.3.0/avr5\libgcc.a(_exit.o)
 .debug_str     0x000000000000047a       0x5e c:/programs/avr-gcc-7.3.0-x64-mingw/bin/../lib/gcc/avr/7.3.0/avr5\libgcc.a(_copy_data.o)
 .debug_str     0x000000000000047a       0x5e c:/programs/avr-gcc-7.3.0-x64-mingw/bin/../lib/gcc/avr/7.3.0/avr5\libgcc.a(_clear_bss.o)
 .debug_str     0x000000000000047a       0x5e c:/programs/avr-gcc-7.3.0-x64-mingw/bin/../lib/gcc/avr/7.3.0/avr5\libgcc.a(_prologue.o)
 .debug_str     0x000000000000047a       0x5e c:/programs/avr-gcc-7.3.0-x64-mingw/bin/../lib/gcc/avr/7.3.0/avr5\libgcc.a(_epilogue.o)

.debug_loc      0x0000000000000000      0x20d
 *(.debug_loc)
 .debug_loc     0x0000000000000000       0x8c Freq_Gen.o
 .debug_loc     0x000000000000008c      0x181 usart.o

.debug_macinfo
 *(.debug_macinfo)

.debug_weaknames
 *(.debug_weaknames)

.debug_funcnames
 *(.debug_funcnames)

.debug_typenames
 *(.debug_typenames)

.debug_varnames
 *(.debug_varnames)

.debug_pubtypes
 *(.debug_pubtypes)

.debug_ranges   0x0000000000000000       0x18
 *(.debug_ranges)
 .debug_ranges  0x0000000000000000       0x18 Freq_Gen.o

.debug_macro
 *(.debug_macro)

.debug_addr
 *(.debug_addr)
OUTPUT(Freq_Gen.elf elf32-avr)
LOAD linker stubs
